<span class="hljs-keyword">import</span> data.real.basic analysis.topology.topological_structures
<span class="hljs-keyword">open</span> lattice set filter classical
<span class="hljs-meta">noncomputable</span> <span class="hljs-keyword">theory</span>

<span class="hljs-keyword">universes</span> u v w
<span class="hljs-keyword">variables</span> {α : <span class="hljs-built_in">Type</span> u} {β : <span class="hljs-built_in">Type</span> v} {γ : <span class="hljs-built_in">Type</span> w}

<span class="hljs-meta">@[simp]</span>
<span class="hljs-theorem"><span class="hljs-keyword">lemma</span> <span class="hljs-title">t</span><span class="hljs-title">a</span><span class="hljs-title">u</span><span class="hljs-title">t</span><span class="hljs-title">o</span> <span class="hljs-symbol">:</span></span> <span class="hljs-literal">tt</span> = <span class="hljs-literal">tt</span> := <span class="hljs-built_in">rfl</span>

<span class="hljs-meta">attribute [simp] zero_eq_zero</span>

<span class="hljs-doctag">/-- Metric space
Each metric space induces a canonical `uniform_space` and hence a
canonical `topological_space`.  -/</span>
<span class="hljs-theorem"><span class="hljs-keyword">class</span> <span class="hljs-title">m</span><span class="hljs-title">e</span><span class="hljs-title">t</span><span class="hljs-title">r</span><span class="hljs-title">i</span><span class="hljs-title">c</span><span class="hljs-title">_</span><span class="hljs-title">s</span><span class="hljs-title">p</span><span class="hljs-title">a</span><span class="hljs-title">c</span><span class="hljs-title">e</span> <span class="hljs-params">(α : <span class="hljs-built_in">Type</span> u)</span> <span class="hljs-keyword">extends</span> <span class="hljs-title">u</span><span class="hljs-title">n</span><span class="hljs-title">i</span><span class="hljs-title">f</span><span class="hljs-title">o</span><span class="hljs-title">r</span><span class="hljs-title">m</span><span class="hljs-title">_</span><span class="hljs-title">s</span><span class="hljs-title">p</span><span class="hljs-title">a</span><span class="hljs-title">c</span><span class="hljs-title">e</span> α <span class="hljs-symbol">:</span></span> <span class="hljs-built_in">Type</span> u :=
(dist : α → α → ℝ)
(dist_self : ∀ x : α, dist x x = <span class="hljs-number">0</span>)
(eq_of_dist_eq_zero : ∀ {x y : α}, dist x y = <span class="hljs-number">0</span> → x = y)
(dist_comm : ∀ x y : α, dist x y = dist y x)
(dist_triangle : ∀ x y z : α, dist x z ≤ dist x y + dist y z)
(uniformity_dist : uniformity = ⨅ ε&gt;<span class="hljs-number">0</span>, principal {p:α×α | dist p.<span class="hljs-number">1</span> p.<span class="hljs-number">2</span> &lt; ε} . control_laws_tac)
(to_uniform_space := metric_space.uniform_space_of_dist dist dist_self dist_comm dist_triangle)


<span class="hljs-theorem"><span class="hljs-keyword">theorem</span> <span class="hljs-title">t</span><span class="hljs-title">e</span><span class="hljs-title">n</span><span class="hljs-title">d</span><span class="hljs-title">s</span><span class="hljs-title">t</span><span class="hljs-title">o</span><span class="hljs-title">_</span><span class="hljs-title">n</span><span class="hljs-title">h</span><span class="hljs-title">d</span><span class="hljs-title">s</span><span class="hljs-title">_</span><span class="hljs-title">o</span><span class="hljs-title">f</span><span class="hljs-title">_</span><span class="hljs-title">m</span><span class="hljs-title">e</span><span class="hljs-title">t</span><span class="hljs-title">r</span><span class="hljs-title">i</span><span class="hljs-title">c</span> <span class="hljs-params">[metric_space β]</span> <span class="hljs-params">{f : α → β}</span> <span class="hljs-params">{a b}</span> <span class="hljs-symbol">:</span></span>
  tendsto f (nhds a) (nhds b) ↔ ∀ ε &gt; <span class="hljs-number">0</span>,
    ∃ δ &gt; <span class="hljs-number">0</span>, ∀{x:α}, dist x a &lt; δ → dist (f x) b &lt; ε :=
⟨λ H ε ε<span class="hljs-number">0</span>, mem_nhds_iff_metric.<span class="hljs-number">1</span> (H (ball_mem_nhds _ ε<span class="hljs-number">0</span>)),
 λ H s hs,
  <span class="hljs-keyword">let</span> ⟨ε, ε<span class="hljs-number">0</span>, hε⟩ := mem_nhds_iff_metric.<span class="hljs-number">1</span> hs, ⟨δ, δ<span class="hljs-number">0</span>, hδ⟩ := H _ ε<span class="hljs-number">0</span> <span class="hljs-keyword">in</span>
mem_nhds_iff_metric.<span class="hljs-number">2</span> ⟨δ, δ<span class="hljs-number">0</span>, λ x h, hε (hδ h)⟩⟩ <span class="hljs-comment">-- dash comment</span>
